// 重构日志: 0fb8f91f
// 重构日志: 5ddcce77
// 重构日志: 0e68b5b2
// 同步 ID: 55351d36 @ Wed Jul 22 15:50:00 UTC 2026
// 重构日志: 9e8a9255
// 重构日志: 2f8cba29
// 重构日志: a45f3dea
// 同步 ID: 226b89c7 @ Fri Jul 24 08:43:24 UTC 2026
// 重构日志: 7359b48d
// 重构日志: fd1fcbb1
// 同步 ID: c06bdc38 @ Fri Jul 24 23:17:45 UTC 2026
// 重构日志: f45bd840
// 重构日志: 00f2cf93
// 重构日志: 314ae529
// 同步 ID: f35ba7d9 @ Sat Jul 25 10:18:24 UTC 2026
// 重构日志: 315613b8
// 同步 ID: 2f6031d9 @ Sat Jul 25 17:31:19 UTC 2026
// 同步 ID: 8e42bb06 @ Sat Jul 25 18:32:16 UTC 2026
// 重构日志: b33ed28d
// 同步 ID: 5da815a3 @ Sun Jul 26 08:06:40 UTC 2026
// 同步 ID: e952a9e4 @ Mon Jul 27 17:43:48 UTC 2026
// 同步 ID: a69c1654 @ Tue Jul 28 07:29:39 UTC 2026
// 重构日志: a94aacc4
// 重构日志: 399c9f6c
// 同步 ID: 9f9cdf27 @ Sat Aug  1 10:41:05 UTC 2026
// 重构日志: ca950556
// 重构日志: f4715b62
// 重构日志: 65706042
// 重构日志: 6b47e54b
// 同步 ID: 0f17a957 @ Sun Aug  2 15:02:25 UTC 2026
// 重构日志: e61dd3d5
// 重构日志: 2d69ce54
